
=== evolve (master) start  2026-08-04T20:52:30  grades 4,3,2 ===
grade 4: baseline clean 25%  audit 0.32 (jerky 67%)
grade 3: baseline clean 50%  audit 0.53 (jerky 50%)
grade 2: baseline clean 0%  audit 0.75 (jerky 0%)

######## round 1 ########
-- knobs --
  knob sixEight->2: clean 37% audit 0.64 KEPT
-- grade 4 grow --
    LH 4/4: audit 0.18 < 0.64 — reverted
    LH 3/4: clean 28% < 37% — reverted
    LH 2/4: audit 0.49 < 0.64 — reverted
    LH 3/8: clean 27% < 37% — reverted
    LH 6/8: clean 32% < 37% — reverted
    RH smooth: clean 35% < 37% — reverted
    RH lilt: clean 32% < 37% — reverted
    RH crisp: audit 0.38 < 0.64 — reverted
-- grade 3 grow --
    LH 4/4: KEPT  clean 62%  audit 0.66 (jerky 33%)
    LH 3/4: clean 45% < 62% — reverted
    LH 2/4: clean 42% < 62% — reverted
    LH 3/8: clean 58% < 62% — reverted
    RH smooth: clean 53% < 62% — reverted
    RH lilt: clean 52% < 62% — reverted
    RH crisp: clean 57% < 62% — reverted
-- grade 2 grow --
    LH 4/4: audit 0.58 < 0.75 — reverted
    LH 3/4: audit 0.30 < 0.75 — reverted
    LH 2/4: audit 0.42 < 0.75 — reverted
    RH smooth: audit 0.50 < 0.75 — reverted
    RH lilt: audit 0.33 < 0.75 — reverted
    RH crisp: audit 0.09 < 0.75 — reverted

######## round 2 ########
-- knobs --
  knob sixEight->1: clean 40% audit 0.65 KEPT
-- grade 4 grow --
    LH 4/4: clean 28% < 40% — reverted
    LH 3/4: clean 28% < 40% — reverted
    LH 2/4: audit 0.39 < 0.65 — reverted
    LH 3/8: audit 0.34 < 0.65 — reverted
    LH 6/8: audit 0.41 < 0.65 — reverted
    RH smooth: clean 38% < 40% — reverted
    RH lilt: clean 28% < 40% — reverted
    RH crisp: clean 28% < 40% — reverted
-- grade 3 grow --
    LH 4/4: clean 38% < 62% — reverted
    LH 3/4: clean 60% < 62% — reverted
    LH 2/4: clean 40% < 62% — reverted
    LH 3/8: clean 47% < 62% — reverted
    RH smooth: KEPT  clean 68%  audit 0.70 (jerky 33%)
    RH lilt: clean 48% < 68% — reverted
    RH crisp: clean 43% < 68% — reverted
-- grade 2 grow --
    LH 4/4: audit 0.39 < 0.75 — reverted
    LH 3/4: audit 0.36 < 0.75 — reverted
    LH 2/4: audit 0.67 < 0.75 — reverted
    RH smooth: audit 0.50 < 0.75 — reverted
    RH lilt: audit 0.63 < 0.75 — reverted
    RH crisp: audit 0.39 < 0.75 — reverted

=== done. G4 clean 40% audit 0.65  |  G3 clean 68% audit 0.70  |  G2 clean 0% audit 0.75  knobs={"figCap":2,"sixEight":1,"floorMin":3,"figDist":2.5,"distinct":6} ===
